 Image tipsbank/api-transacoes:dev Building 
 Image tipsbank/auditoria:dev Building 
 Image tipsbank/web:dev Building 
 Image tipsbank/api-contas:dev Building 
#1 [internal] load local bake definitions
#1 reading from stdin 1.94kB done
#1 DONE 0.0s

#2 [api-transacoes internal] load build definition from Dockerfile
#2 transferring dockerfile: 731B done
#2 DONE 0.6s

#3 [api-contas internal] load build definition from Dockerfile
#3 transferring dockerfile: 1.23kB done
#3 ...

#4 [auditoria internal] load build definition from Dockerfile
#4 transferring dockerfile: 731B done
#4 DONE 0.7s

#5 [api-transacoes] resolve image config for docker-image://docker.io/docker/dockerfile:1.7
#5 ...

#3 [api-contas internal] load build definition from Dockerfile
#3 DONE 0.9s

#6 [web internal] load build definition from Dockerfile
#6 transferring dockerfile: 914B done
#6 DONE 1.4s

#5 [auditoria] resolve image config for docker-image://docker.io/docker/dockerfile:1.7
#5 DONE 1.7s

#7 [auditoria] docker-image://docker.io/docker/dockerfile:1.7@sha256:a57df69d0ea827fb7266491f2813635de6f17269be881f696fbfdf2d83dda33e
#7 resolve docker.io/docker/dockerfile:1.7@sha256:a57df69d0ea827fb7266491f2813635de6f17269be881f696fbfdf2d83dda33e
#7 resolve docker.io/docker/dockerfile:1.7@sha256:a57df69d0ea827fb7266491f2813635de6f17269be881f696fbfdf2d83dda33e 0.3s done
#7 resolve docker.io/docker/dockerfile:1.7@sha256:a57df69d0ea827fb7266491f2813635de6f17269be881f696fbfdf2d83dda33e 0.3s done
#7 CACHED

#8 [auditoria internal] load metadata for gcr.io/distroless/python3-debian12:nonroot
#8 ...

#9 [api-transacoes internal] load metadata for docker.io/library/python:3.11-slim-bookworm
#9 DONE 1.7s

#8 [auditoria internal] load metadata for gcr.io/distroless/python3-debian12:nonroot
#8 DONE 2.0s

#10 [api-transacoes internal] load .dockerignore
#10 transferring context:
#10 ...

#11 [web internal] load metadata for docker.io/nginxinc/nginx-unprivileged:1.27-alpine
#11 DONE 1.9s

#10 [api-transacoes internal] load .dockerignore
#10 transferring context: 133B done
#10 ...

#12 [api-contas internal] load .dockerignore
#12 transferring context: 133B done
#12 DONE 0.7s

#13 [web internal] load .dockerignore
#13 transferring context: 129B done
#13 ...

#14 [auditoria internal] load .dockerignore
#14 transferring context: 133B done
#14 DONE 1.3s

#10 [api-transacoes internal] load .dockerignore
#10 DONE 1.5s

#13 [web internal] load .dockerignore
#13 DONE 1.5s

#15 [api-contas internal] load build context
#15 DONE 0.0s

#16 [api-contas stage-1 1/4] FROM gcr.io/distroless/python3-debian12:nonroot@sha256:7d1042ce588ab97019fe95c24ffca7bc5a82ccdac572511d5e09bda4435c89c5
#16 resolve gcr.io/distroless/python3-debian12:nonroot@sha256:7d1042ce588ab97019fe95c24ffca7bc5a82ccdac572511d5e09bda4435c89c5
#16 ...

#17 [auditoria internal] load build context
#17 DONE 0.0s

#18 [auditoria builder 1/5] FROM docker.io/library/python:3.11-slim-bookworm@sha256:ee710afcfb733f4a750d9be683cf054b5cd247b6c5f5237a6849ea568b90ab15
#18 resolve docker.io/library/python:3.11-slim-bookworm@sha256:ee710afcfb733f4a750d9be683cf054b5cd247b6c5f5237a6849ea568b90ab15
#18 ...

#16 [api-transacoes stage-1 1/4] FROM gcr.io/distroless/python3-debian12:nonroot@sha256:7d1042ce588ab97019fe95c24ffca7bc5a82ccdac572511d5e09bda4435c89c5
#16 resolve gcr.io/distroless/python3-debian12:nonroot@sha256:7d1042ce588ab97019fe95c24ffca7bc5a82ccdac572511d5e09bda4435c89c5 1.3s done
#16 DONE 1.4s

#18 [api-transacoes builder 1/5] FROM docker.io/library/python:3.11-slim-bookworm@sha256:ee710afcfb733f4a750d9be683cf054b5cd247b6c5f5237a6849ea568b90ab15
#18 resolve docker.io/library/python:3.11-slim-bookworm@sha256:ee710afcfb733f4a750d9be683cf054b5cd247b6c5f5237a6849ea568b90ab15 1.4s done
#18 resolve docker.io/library/python:3.11-slim-bookworm@sha256:ee710afcfb733f4a750d9be683cf054b5cd247b6c5f5237a6849ea568b90ab15 1.4s done
#18 DONE 1.6s

#17 [auditoria internal] load build context
#17 transferring context: 170B done
#17 ...

#15 [api-contas internal] load build context
#15 transferring context: 171B done
#15 DONE 0.8s

#19 [web 1/3] FROM docker.io/nginxinc/nginx-unprivileged:1.27-alpine@sha256:65e3e85dbaed8ba248841d9d58a899b6197106c23cb0ff1a132b7bfe0547e4c0
#19 resolve docker.io/nginxinc/nginx-unprivileged:1.27-alpine@sha256:65e3e85dbaed8ba248841d9d58a899b6197106c23cb0ff1a132b7bfe0547e4c0 0.6s done
#19 DONE 0.8s

#17 [auditoria internal] load build context
#17 DONE 0.9s

#20 [web internal] load build context
#20 transferring context: 1.32kB done
#20 DONE 1.0s

#21 [api-transacoes internal] load build context
#21 transferring context: 171B done
#21 DONE 1.1s

#22 [api-contas builder 4/5] RUN pip install --no-cache-dir --upgrade pip &&     pip install --no-cache-dir --target=/packages -r requirements.txt
#22 CACHED

#23 [api-contas stage-1 3/4] COPY --from=builder /packages /packages
#23 CACHED

#24 [api-contas builder 5/5] COPY main.py .
#24 CACHED

#25 [api-contas builder 3/5] COPY requirements.txt .
#25 CACHED

#26 [web 2/3] COPY nginx.conf /etc/nginx/nginx.conf
#26 CACHED

#27 [api-contas stage-1 4/4] COPY --from=builder /app/main.py /app/main.py
#27 CACHED

#28 [web 3/3] COPY html/ /usr/share/nginx/html/
#28 CACHED

#29 [auditoria stage-1 3/4] COPY --from=builder /packages /packages
#29 CACHED

#30 [auditoria builder 4/5] RUN pip install --no-cache-dir --upgrade pip &&     pip install --no-cache-dir --target=/packages -r requirements.txt
#30 CACHED

#31 [auditoria builder 3/5] COPY requirements.txt .
#31 CACHED

#32 [auditoria builder 5/5] COPY main.py .
#32 CACHED

#33 [auditoria stage-1 4/4] COPY --from=builder /app/main.py /app/main.py
#33 CACHED

#34 [api-transacoes stage-1 3/4] COPY --from=builder /packages /packages
#34 CACHED

#35 [api-transacoes builder 3/5] COPY requirements.txt .
#35 CACHED

#36 [api-transacoes builder 2/5] WORKDIR /app
#36 CACHED

#37 [api-transacoes builder 5/5] COPY main.py .
#37 CACHED

#38 [api-transacoes stage-1 2/4] WORKDIR /app
#38 CACHED

#39 [api-transacoes builder 4/5] RUN pip install --no-cache-dir --upgrade pip &&     pip install --no-cache-dir --target=/packages -r requirements.txt
#39 CACHED

#40 [api-transacoes stage-1 4/4] COPY --from=builder /app/main.py /app/main.py
#40 CACHED

#41 [web] exporting to image
#41 exporting layers done
#41 exporting manifest sha256:e66c379b21df9a9280d09d6c45c060e762a14b3305a09eeabf9a4344e23daece
#41 exporting manifest sha256:e66c379b21df9a9280d09d6c45c060e762a14b3305a09eeabf9a4344e23daece 0.2s done
#41 exporting config sha256:8e16e1d3caf660bb0ec28d58a77e7ff8b504dcbe78a18f2db46b6a6ac3d00f58
#41 exporting config sha256:8e16e1d3caf660bb0ec28d58a77e7ff8b504dcbe78a18f2db46b6a6ac3d00f58 0.3s done
#41 exporting attestation manifest sha256:2a76bf5279d17948bcf7ca2080d8a7315effd5aa9f195303314dc0b5651cd2ad
#41 exporting attestation manifest sha256:2a76bf5279d17948bcf7ca2080d8a7315effd5aa9f195303314dc0b5651cd2ad 2.8s done
#41 exporting manifest list sha256:20a18d4df732f4d7b2c7bdb7d2d89ac93f573229f26336dd86721bcaab68ee00
#41 exporting manifest list sha256:20a18d4df732f4d7b2c7bdb7d2d89ac93f573229f26336dd86721bcaab68ee00 1.2s done
#41 naming to docker.io/tipsbank/web:dev
#41 naming to docker.io/tipsbank/web:dev 0.2s done
#41 unpacking to docker.io/tipsbank/web:dev
#41 unpacking to docker.io/tipsbank/web:dev 0.4s done
#41 ...

#42 [api-transacoes] exporting to image
#42 exporting layers 0.0s done
#42 exporting manifest sha256:12114ca67c6604c1cfdbda5f56780989125cb1115d6887b343c3342ad8b86bc1 0.2s done
#42 exporting config sha256:79642ac59be302cd6ad48d13e1e71d3589f830e6ec4b911654d27ca12af99e68 0.2s done
#42 exporting attestation manifest sha256:557549e1909b8a282f04f90666e2c86d130e27142dec895a97a67ea3c2e7063c 2.3s done
#42 exporting manifest list sha256:3ab0f2192248a4c507e45c2b27d464fac77069e35ad516e18b3002947311f2b5 1.3s done
#42 naming to docker.io/tipsbank/api-transacoes:dev 0.4s done
#42 unpacking to docker.io/tipsbank/api-transacoes:dev 0.4s done
#42 DONE 6.3s

#43 [api-contas] exporting to image
#43 exporting layers 0.0s done
#43 exporting manifest sha256:3b9ac1b0682a10997b1dcc17aafe955a52509e1d6aaab4fb2a59df7b024f4bdb 0.2s done
#43 exporting config sha256:bbef4e24ba5b53866f7933009f7abe53849b77a8df9731b58a99c9cea4574532 0.2s done
#43 exporting attestation manifest sha256:f526c9497316d22d73a19cafc48d0178893c60acbdd04d182bf3c89214e9aadb 2.8s done
#43 exporting manifest list sha256:786b80e214ba64e2ebcddefd3f89bec5179345da338358c481515344549f7063 1.2s done
#43 naming to docker.io/tipsbank/api-contas:dev 0.2s done
#43 unpacking to docker.io/tipsbank/api-contas:dev 0.4s done
#43 ...

#41 [web] exporting to image
#41 DONE 6.5s

#44 [auditoria] exporting to image
#44 exporting layers 0.0s done
#44 exporting manifest sha256:a41856c2a7eaad1cf0865ef7c68130a0489cf0f7fed0b83068b517bbdc320c64 0.2s done
#44 exporting config sha256:a95ce08fec0eba205a400db60e43863792c7c549ce4be651625c46aeae154b92 0.3s done
#44 exporting attestation manifest sha256:573cb3a8d59cf3394671d9692cf5dfb31382792143c331a1942ec70a3829101f 3.0s done
#44 exporting manifest list sha256:e828be003a86a490726916f4f2023c6cee2b1e45bec64e58ae06802f863a4507 1.0s done
#44 naming to docker.io/tipsbank/auditoria:dev 0.2s done
#44 unpacking to docker.io/tipsbank/auditoria:dev 0.4s done
#44 DONE 6.6s

#43 [api-contas] exporting to image
#43 DONE 6.6s

#45 [api-transacoes] resolving provenance for metadata file
#45 DONE 3.1s

#46 [api-contas] resolving provenance for metadata file
#46 DONE 1.1s

#47 [web] resolving provenance for metadata file
#47 DONE 2.9s

#48 [auditoria] resolving provenance for metadata file
#48 DONE 2.4s
 Image tipsbank/api-contas:dev Built 
 Image tipsbank/api-transacoes:dev Built 
 Image tipsbank/web:dev Built 
 Image tipsbank/auditoria:dev Built 
 Container tipsbank-postgres Running 
 Container tipsbank-auditoria Recreate 
 Container tipsbank-api-contas Recreate 
 Container tipsbank-api-contas Recreated 
 Container tipsbank-api-transacoes Recreate 
 Container tipsbank-auditoria Recreated 
 Container tipsbank-api-transacoes Recreated 
 Container tipsbank-web Recreate 
 Container tipsbank-web Recreated 
Attaching to tipsbank-api-contas, tipsbank-api-transacoes, tipsbank-auditoria, tipsbank-auditoria-init, tipsbank-postgres, tipsbank-web
 Container tipsbank-auditoria-init Starting 
 Container tipsbank-postgres Waiting 
 Container tipsbank-postgres Healthy 
 Container tipsbank-api-contas Starting 
 Container tipsbank-auditoria-init Started 
 Container tipsbank-auditoria-init Waiting 
 Container tipsbank-auditoria-init Exited 
 Container tipsbank-auditoria Starting 
[Ktipsbank-auditoria-init exited with code 0
 Container tipsbank-api-contas Started 
 Container tipsbank-postgres Waiting 
 Container tipsbank-postgres Healthy 
 Container tipsbank-api-transacoes Starting 
 Container tipsbank-auditoria Started 
tipsbank-api-contas      | INFO:     Started server process [1]
tipsbank-api-contas      | INFO:     Waiting for application startup.
tipsbank-api-contas      | {"ts":"2026-04-28 00:50:41,020","level":"INFO","service":"api-contas","msg":"bootstrap: criando schema se necessário"}
 Container tipsbank-api-transacoes Started 
 Container tipsbank-web Starting 
tipsbank-api-contas      | INFO:     Application startup complete.
tipsbank-api-contas      | INFO:     Uvicorn running on http://0.0.0.0:8080 (Press CTRL+C to quit)
tipsbank-auditoria       | INFO:     Started server process [1]
tipsbank-auditoria       | INFO:     Waiting for application startup.
tipsbank-auditoria       | INFO:     Application startup complete.
tipsbank-auditoria       | INFO:     Uvicorn running on http://0.0.0.0:8080 (Press CTRL+C to quit)
tipsbank-web             | /docker-entrypoint.sh: /docker-entrypoint.d/ is not empty, will attempt to perform configuration
tipsbank-web             | /docker-entrypoint.sh: Looking for shell scripts in /docker-entrypoint.d/
tipsbank-web             | /docker-entrypoint.sh: Launching /docker-entrypoint.d/10-listen-on-ipv6-by-default.sh
tipsbank-web             | 10-listen-on-ipv6-by-default.sh: info: Getting the checksum of /etc/nginx/conf.d/default.conf
tipsbank-web             | 10-listen-on-ipv6-by-default.sh: info: /etc/nginx/conf.d/default.conf differs from the packaged version
tipsbank-web             | /docker-entrypoint.sh: Sourcing /docker-entrypoint.d/15-local-resolvers.envsh
tipsbank-web             | /docker-entrypoint.sh: Launching /docker-entrypoint.d/20-envsubst-on-templates.sh
tipsbank-web             | /docker-entrypoint.sh: Launching /docker-entrypoint.d/30-tune-worker-processes.sh
tipsbank-web             | /docker-entrypoint.sh: Configuration complete; ready for start up
 Container tipsbank-web Started 
tipsbank-api-transacoes  | INFO:     Started server process [1]
tipsbank-api-transacoes  | INFO:     Waiting for application startup.
tipsbank-api-transacoes  | {"ts":"2026-04-28 00:50:42,540","level":"INFO","service":"api-transacoes","msg":"bootstrap versao=v1"}
tipsbank-api-transacoes  | INFO:     Application startup complete.
tipsbank-api-transacoes  | INFO:     Uvicorn running on http://0.0.0.0:8080 (Press CTRL+C to quit)
tipsbank-web             | 192.168.0.22 - - [28/Apr/2026:00:50:43 +0000] "POST /zabbix.php?action=widget.clock.view HTTP/1.1" 405 559 "http://192.168.20.100:8080/zabbix.php?action=dashboard.view&dashboardid=1" "Mozilla/5.0 (Windows NT 10.0; Win64; x64) AppleWebKit/537.36 (KHTML, like Gecko) Chrome/147.0.0.0 Safari/537.36"
tipsbank-web             | 192.168.0.22 - - [28/Apr/2026:00:50:43 +0000] "POST /zabbix.php?action=widget.geomap.view HTTP/1.1" 405 559 "http://192.168.20.100:8080/zabbix.php?action=dashboard.view&dashboardid=1" "Mozilla/5.0 (Windows NT 10.0; Win64; x64) AppleWebKit/537.36 (KHTML, like Gecko) Chrome/147.0.0.0 Safari/537.36"
tipsbank-web             | 192.168.0.22 - - [28/Apr/2026:00:50:43 +0000] "POST /zabbix.php?action=widget.systeminfo.view HTTP/1.1" 405 559 "http://192.168.20.100:8080/zabbix.php?action=dashboard.view&dashboardid=1" "Mozilla/5.0 (Windows NT 10.0; Win64; x64) AppleWebKit/537.36 (KHTML, like Gecko) Chrome/147.0.0.0 Safari/537.36"
